// Jest Snapshot v1, https://goo.gl/fbAQLP

exports[`<Card /> should render the component 1`] = `
<div
  class="content-0-2-1 content-d0-0-2-6"
>
  <div
    class="headerCard-0-2-2"
  >
    <div
      class="hour-0-2-3 hour-d1-0-2-7"
    >
      <img
        alt="Um relógio"
        src="clock.svg"
      />
      <span>
        Até 
        02/06
         
        8h30
      </span>
    </div>
    <img
      alt="Uma nuuvem com um check"
      src="cloud.svg"
    />
  </div>
  <h1
    class="title-0-2-4 title-d2-0-2-8"
  >
    Lista 03 - Fisica Moderna - Modulo 1 - Modulo 2 - Aula 4
  </h1>
  <div
    class="footerCard-0-2-5"
  >
    <div>
      <span>
        Matemática
      </span>
      <span>
        Ricardo
      </span>
    </div>
    <span>
      0
      /
      100
    </span>
  </div>
</div>
`;
